Part 2: Enhanced Shape Data Builders
Here are the enhanced builders that compute the missing FRICTION elements:

TypeScript

// ═══════════════════════════════════════════════════════════════════════════
// ENHANCED SHAPE DATA BUILDERS (with Dialectical Bundling)
// ═══════════════════════════════════════════════════════════════════════════

const buildSettledShapeData = (
    claims: EnrichedClaim[],
    edges: Edge[],
    ghosts: string[],
    patterns: StructuralAnalysis['patterns']
): SettledShapeData => {

    const floorClaims = claims.filter(c => c.isHighSupport);
    const floorIds = new Set(floorClaims.map(c => c.id));
    
    // Find conflict edges touching floor claims
    const conflictEdges = edges.filter(e => e.type === 'conflicts');

    const floor: FloorClaim[] = floorClaims.map(c => {
        const contestedBy = conflictEdges
            .filter(e => e.from === c.id || e.to === c.id)
            .map(e => e.from === c.id ? e.to : e.from);

        return {
            id: c.id,
            label: c.label,
            text: c.text,
            supportCount: c.supporters.length,
            supportRatio: c.supportRatio,
            isContested: contestedBy.length > 0,
            contestedBy
        };
    });

    // Floor strength
    const avgSupport = floor.length > 0
        ? floor.reduce((sum, c) => sum + c.supportRatio, 0) / floor.length
        : 0;
    const floorStrength: 'strong' | 'moderate' | 'weak' =
        avgSupport > 0.6 ? 'strong' : avgSupport > 0.4 ? 'moderate' : 'weak';

    // Explicit challengers
    const challengers = claims.filter(c => c.role === 'challenger' || c.isChallenger);
    const challengerInfos: ChallengerInfo[] = challengers.map(c => ({
        id: c.id,
        label: c.label,
        text: c.text,
        supportCount: c.supporters.length,
        challenges: c.challenges,
        targetsClaim: c.challenges
    }));

    // ═══════════════════════════════════════════════════════════════════
    // NEW: Find the strongest outlier (the FRICTION)
    // ═══════════════════════════════════════════════════════════════════
    
    // Candidates: claims NOT in floor
    const outsideClaims = claims.filter(c => !floorIds.has(c.id));
    
    let strongestOutlier: SettledShapeData['strongestOutlier'] = null;
    
    if (outsideClaims.length > 0) {
        // Priority 1: Leverage inversions (low support, high structural importance)
        const leverageInversion = patterns.leverageInversions[0];
        if (leverageInversion) {
            const inversionClaim = claims.find(c => c.id === leverageInversion.claimId);
            if (inversionClaim) {
                strongestOutlier = {
                    claim: {
                        id: inversionClaim.id,
                        label: inversionClaim.label,
                        text: inversionClaim.text,
                        supportCount: inversionClaim.supporters.length,
                        supportRatio: inversionClaim.supportRatio
                    },
                    reason: 'leverage_inversion',
                    structuralRole: `Affects ${leverageInversion.affectedClaims.length} other claim(s)`,
                    whatItQuestions: inferWhatOutlierQuestions(inversionClaim, floorClaims)
                };
            }
        }
        
        // Priority 2: Explicit challenger with highest support
        if (!strongestOutlier && challengerInfos.length > 0) {
            const topChallenger = challengerInfos.sort((a, b) => 
                b.supportCount - a.supportCount
            )[0];
            const challengerClaim = claims.find(c => c.id === topChallenger.id);
            if (challengerClaim) {
                strongestOutlier = {
                    claim: {
                        id: challengerClaim.id,
                        label: challengerClaim.label,
                        text: challengerClaim.text,
                        supportCount: challengerClaim.supporters.length,
                        supportRatio: challengerClaim.supportRatio
                    },
                    reason: 'explicit_challenger',
                    structuralRole: 'Directly opposes floor',
                    whatItQuestions: topChallenger.challenges || 'the consensus position'
                };
            }
        }
        
        // Priority 3: Highest support outside floor
        if (!strongestOutlier) {
            const topOutside = outsideClaims.sort((a, b) => 
                b.supporters.length - a.supporters.length
            )[0];
            strongestOutlier = {
                claim: {
                    id: topOutside.id,
                    label: topOutside.label,
                    text: topOutside.text,
                    supportCount: topOutside.supporters.length,
                    supportRatio: topOutside.supportRatio
                },
                reason: 'minority_voice',
                structuralRole: 'Strongest claim outside consensus',
                whatItQuestions: inferWhatOutlierQuestions(topOutside, floorClaims)
            };
        }
    }

    // ═══════════════════════════════════════════════════════════════════
    // NEW: What the floor assumes (for the transfer)
    // ═══════════════════════════════════════════════════════════════════
    
    const floorAssumptions: string[] = [];
    
    // If all floor claims come from similar models, that's an assumption
    const floorSupporters = new Set(floorClaims.flatMap(c => c.supporters));
    if (floorSupporters.size < claims[0]?.supporters?.length * 0.5) {
        floorAssumptions.push('Relies on a subset of model perspectives');
    }
    
    // If floor has no conditional claims, assumes universality
    const hasConditional = floorClaims.some(c => c.type === 'conditional');
    if (!hasConditional) {
        floorAssumptions.push('Assumes context-independence');
    }
    
    // If contested floor claims exist
    const contestedFloor = floor.filter(c => c.isContested);
    if (contestedFloor.length > 0) {
        floorAssumptions.push(`${contestedFloor.length} floor claim(s) are under active challenge`);
    }

    return {
        pattern: 'settled',
        floor,
        floorStrength,
        challengers: challengerInfos,
        blindSpots: ghosts,
        confidence: avgSupport,
        // NEW FIELDS:
        strongestOutlier,
        floorAssumptions,
        transferQuestion: strongestOutlier 
            ? `For the consensus to hold, ${strongestOutlier.whatItQuestions} must be wrong. Is it?`
            : `What assumption would the consensus need to be wrong about?`
    };
};

// Helper: Infer what an outlier is questioning about the floor
function inferWhatOutlierQuestions(
    outlier: EnrichedClaim, 
    floorClaims: EnrichedClaim[]
): string {
    // If explicit challenge field exists
    if (outlier.challenges) {
        return outlier.challenges;
    }
    
    // If outlier has opposite role to floor
    if (outlier.role === 'challenger') {
        const mostSupported = floorClaims.sort((a, b) => 
            b.supporters.length - a.supporters.length
        )[0];
        return mostSupported ? `the validity of "${mostSupported.label}"` : 'the floor consensus';
    }
    
    // Default
    return 'assumptions underlying the consensus';
}
TypeScript

const buildKeystoneShapeData = (
    claims: EnrichedClaim[],
    edges: Edge[],
    graph: GraphAnalysis,
    patterns: StructuralAnalysis['patterns']
): KeystoneShapeData => {

    const keystoneId = graph.hubClaim;
    const keystoneClaim = claims.find(c => c.id === keystoneId);

    if (!keystoneClaim) {
        throw new Error("Keystone shape requires a hub claim");
    }

    // Dependencies (claims that require the keystone)
    const dependencies = edges
        .filter(e => e.from === keystoneId && 
            (e.type === 'prerequisite' || e.type === 'supports'))
        .map(e => {
            const dep = claims.find(c => c.id === e.to);
            return {
                id: e.to,
                label: dep?.label || e.to,
                relationship: e.type as 'prerequisite' | 'supports'
            };
        });

    // Cascade from keystone
    const cascade = patterns.cascadeRisks.find(r => r.sourceId === keystoneId);

    // Challengers targeting keystone
    const challengers = claims
        .filter(c => c.role === 'challenger')
        .filter(c => {
            return edges.some(e =>
                e.type === 'conflicts' &&
                ((e.from === c.id && e.to === keystoneId) || 
                 (e.to === c.id && e.from === keystoneId))
            );
        })
        .map(c => ({
            id: c.id,
            label: c.label,
            text: c.text,
            supportCount: c.supporters.length,
            challenges: c.challenges,
            targetsClaim: keystoneId
        }));

    // ═══════════════════════════════════════════════════════════════════
    // NEW: Find decoupled claims (the FRICTION - survives if hub fails)
    // ═══════════════════════════════════════════════════════════════════
    
    const dependentIds = new Set(dependencies.map(d => d.id));
    const keystoneConnectedIds = new Set([keystoneId, ...dependentIds]);
    
    // Claims not connected to keystone
    const decoupledClaims = claims
        .filter(c => !keystoneConnectedIds.has(c.id))
        .filter(c => c.supporters.length > 0) // Has some support
        .sort((a, b) => b.supporters.length - a.supporters.length)
        .slice(0, 3)
        .map(c => ({
            id: c.id,
            label: c.label,
            text: c.text,
            supportCount: c.supporters.length,
            independenceReason: 'Not connected to hub in graph structure'
        }));

    // ═══════════════════════════════════════════════════════════════════
    // NEW: What happens if keystone fails
    // ═══════════════════════════════════════════════════════════════════
    
    const cascadeConsequences = {
        directlyAffected: dependencies.length,
        transitivelyAffected: cascade?.dependentIds.length || dependencies.length,
        survives: decoupledClaims.length
    };

    return {
        pattern: 'keystone',
        keystone: {
            id: keystoneClaim.id,
            label: keystoneClaim.label,
            text: keystoneClaim.text,
            supportCount: keystoneClaim.supporters.length,
            supportRatio: keystoneClaim.supportRatio,
            dominance: graph.hubDominance,
            isFragile: keystoneClaim.supporters.length <= 1
        },
        dependencies,
        cascadeSize: cascade?.dependentIds.length || dependencies.length,
        challengers,
        // NEW FIELDS:
        decoupledClaims,
        cascadeConsequences,
        transferQuestion: keystoneClaim.supporters.length <= 1
            ? `The keystone has only ${keystoneClaim.supporters.length} supporter(s). Is "${keystoneClaim.label}" actually true in your situation?`
            : `Everything flows from "${keystoneClaim.label}". Have you validated this foundation?`
    };
};
TypeScript

const buildLinearShapeData = (
    claims: EnrichedClaim[],
    edges: Edge[],
    graph: GraphAnalysis,
    cascadeRisks: CascadeRisk[]
): LinearShapeData => {

    const prereqEdges = edges.filter(e => e.type === 'prerequisite');
    const chainIds = graph.longestChain;

    // Build chain with position info
    const chain: ChainStep[] = chainIds.map((id, idx) => {
        const claim = claims.find(c => c.id === id);
        if (!claim) return null;

        const enables = prereqEdges
            .filter(e => e.from === id)
            .map(e => e.to);

        const isWeakLink = claim.supporters.length === 1;
        const cascade = cascadeRisks.find(r => r.sourceId === id);

        return {
            id: claim.id,
            label: claim.label,
            text: claim.text,
            supportCount: claim.supporters.length,
            supportRatio: claim.supportRatio,
            position: idx,
            enables,
            isWeakLink,
            weakReason: isWeakLink 
                ? `Only 1 supporter - cascade affects ${cascade?.dependentIds.length || 0} claims` 
                : null
        };
    }).filter(Boolean) as ChainStep[];

    // Weak links
    const weakLinks = chain
        .filter(step => step.isWeakLink)
        .map(step => {
            const cascade = cascadeRisks.find(r => r.sourceId === step.id);
            return {
                step,
                cascadeSize: cascade?.dependentIds.length || 0
            };
        });

    // Terminal claim
    const terminalClaim = chain.length > 0 ? chain[chain.length - 1] : null;

    // ═══════════════════════════════════════════════════════════════════
    // NEW: Find shortcuts (edges that skip steps in the chain)
    // ═══════════════════════════════════════════════════════════════════
    
    const chainIdSet = new Set(chainIds);
    const chainPositions = new Map(chainIds.map((id, idx) => [id, idx]));
    
    const shortcuts: LinearShapeData['shortcuts'] = [];
    
    // Look for edges that jump forward in the chain
    for (const edge of prereqEdges) {
        const fromPos = chainPositions.get(edge.from);
        const toPos = chainPositions.get(edge.to);
        
        // If both in chain and skips at least one step
        if (fromPos !== undefined && toPos !== undefined && toPos - fromPos > 1) {
            const fromStep = chain.find(s => s.id === edge.from);
            const toStep = chain.find(s => s.id === edge.to);
            const skippedIds = chainIds.slice(fromPos + 1, toPos);
            
            if (fromStep && toStep && skippedIds.length > 0) {
                shortcuts.push({
                    from: fromStep,
                    to: toStep,
                    skips: skippedIds,
                    supportEvidence: `Direct edge exists from step ${fromPos + 1} to step ${toPos + 1}`
                });
            }
        }
    }
    
    // Also look for claims outside chain that connect to later steps
    const outsideChain = claims.filter(c => !chainIdSet.has(c.id));
    for (const outside of outsideChain) {
        const connectsTo = prereqEdges
            .filter(e => e.from === outside.id && chainIdSet.has(e.to))
            .map(e => chainPositions.get(e.to)!)
            .filter(pos => pos !== undefined);
        
        if (connectsTo.length > 0) {
            const minPos = Math.min(...connectsTo);
            if (minPos > 0) { // Connects to non-first step
                const toStep = chain[minPos];
                shortcuts.push({
                    from: {
                        id: outside.id,
                        label: outside.label,
                        text: outside.text,
                        supportCount: outside.supporters.length,
                        supportRatio: outside.supportRatio,
                        position: -1, // Outside chain
                        enables: [],
                        isWeakLink: false,
                        weakReason: null
                    },
                    to: toStep,
                    skips: chainIds.slice(0, minPos),
                    supportEvidence: `"${outside.label}" may bypass early steps`
                });
            }
        }
    }

    // ═══════════════════════════════════════════════════════════════════
    // NEW: Chain fragility assessment
    // ═══════════════════════════════════════════════════════════════════
    
    const chainFragility = {
        weakLinkCount: weakLinks.length,
        totalSteps: chain.length,
        fragilityRatio: chain.length > 0 ? weakLinks.length / chain.length : 0,
        mostVulnerableStep: weakLinks.sort((a, b) => b.cascadeSize - a.cascadeSize)[0] || null
    };

    return {
        pattern: 'linear',
        chain,
        chainLength: chain.length,
        weakLinks,
        alternativeChains: [], // Could be enhanced
        terminalClaim,
        // NEW FIELDS:
        shortcuts,
        chainFragility,
        transferQuestion: weakLinks.length > 0
            ? `Step "${weakLinks[0].step.label}" is a weak link. Is it actually required?`
            : `Have you validated the early steps in this sequence?`
    };
};
TypeScript

const buildDimensionalShapeData = (
    claims: EnrichedClaim[],
    edges: Edge[],
    graph: GraphAnalysis,
    ghosts: string[]
): DimensionalShapeData => {

    // Build dimensions from graph components
    const dimensions: DimensionCluster[] = graph.components
        .filter(comp => comp.length >= 2)
        .map((componentIds, idx) => {
            const componentClaims = claims.filter(c => componentIds.includes(c.id));
            
            const avgSupport = componentClaims.reduce((sum, c) => 
                sum + c.supportRatio, 0) / componentClaims.length;

            const internalEdges = edges.filter(e =>
                componentIds.includes(e.from) && componentIds.includes(e.to)
            ).length;
            const possibleEdges = componentClaims.length * (componentClaims.length - 1);
            const cohesion = possibleEdges > 0 ? internalEdges / possibleEdges : 0;

            return {
                id: `dim_${idx}`,
                theme: inferDimensionTheme(componentClaims), // Enhanced theme inference
                claims: componentClaims.map(c => ({
                    id: c.id,
                    label: c.label,
                    text: c.text,
                    supportCount: c.supporters.length
                })),
                cohesion,
                avgSupport,
                claimCount: componentClaims.length
            };
        })
        .sort((a, b) => b.claimCount - a.claimCount); // Sort by size

    // Interactions between dimensions
    const interactions: DimensionalShapeData['interactions'] = [];
    for (let i = 0; i < dimensions.length; i++) {
        for (let j = i + 1; j < dimensions.length; j++) {
            const dimA = dimensions[i];
            const dimB = dimensions[j];

            const crossEdges = edges.filter(e =>
                (dimA.claims.some(c => c.id === e.from) && dimB.claims.some(c => c.id === e.to)) ||
                (dimB.claims.some(c => c.id === e.from) && dimA.claims.some(c => c.id === e.to))
            );

            const hasConflict = crossEdges.some(e => e.type === 'conflicts');
            const hasSupport = crossEdges.some(e => 
                e.type === 'supports' || e.type === 'prerequisite');

            interactions.push({
                dimensionA: dimA.id,
                dimensionB: dimB.id,
                relationship: hasConflict ? 'conflicting' : 
                              hasSupport ? 'overlapping' : 'independent'
            });
        }
    }

    // ═══════════════════════════════════════════════════════════════════
    // NEW: Identify dominant and hidden dimensions
    // ═══════════════════════════════════════════════════════════════════
    
    const dominantDimension = dimensions[0] || null; // Largest
    const hiddenDimension = dimensions.length > 1 
        ? dimensions[dimensions.length - 1]  // Smallest
        : null;

    // What the dominant dimension might be blind to
    const dominantBlindSpots: string[] = [];
    if (hiddenDimension) {
        dominantBlindSpots.push(
            `"${hiddenDimension.theme}" perspective with ${hiddenDimension.claimCount} claim(s)`
        );
    }
    
    // Add any conflicting interactions
    const conflictingDims = interactions
        .filter(i => i.relationship === 'conflicting')
        .map(i => {
            const other = i.dimensionA === dominantDimension?.id 
                ? dimensions.find(d => d.id === i.dimensionB)
                : dimensions.find(d => d.id === i.dimensionA);
            return other?.theme;
        })
        .filter(Boolean);
    
    if (conflictingDims.length > 0) {
        dominantBlindSpots.push(`Conflicts with: ${conflictingDims.join(', ')}`);
    }

    // Governing conditions
    const governingConditions = claims
        .filter(c => c.type === 'conditional')
        .map(c => c.text);

    return {
        pattern: 'dimensional',
        dimensions,
        interactions,
        gaps: ghosts,
        governingConditions,
        // NEW FIELDS:
        dominantDimension,
        hiddenDimension,
        dominantBlindSpots,
        transferQuestion: dimensions.length > 1
            ? `Which dimension is most relevant: "${dominantDimension?.theme}" or "${hiddenDimension?.theme}"?`
            : `Are there perspectives not represented in these dimensions?`
    };
};

// Helper: Infer theme from claims (simple heuristic)
function inferDimensionTheme(claims: EnrichedClaim[]): string {
    // Could use NLP in future; for now, use dominant type or role
    const types = claims.map(c => c.type);
    const dominantType = mode(types);
    
    const typeThemes: Record<string, string> = {
        'factual': 'Evidence',
        'prescriptive': 'Recommendations',
        'conditional': 'Conditions',
        'contested': 'Debates',
        'speculative': 'Possibilities'
    };
    
    return typeThemes[dominantType] || `Cluster (${claims.length} claims)`;
}

function mode<T>(arr: T[]): T {
    const counts = new Map<T, number>();
    arr.forEach(v => counts.set(v, (counts.get(v) || 0) + 1));
    return [...counts.entries()].sort((a, b) => b[1] - a[1])[0]?.[0] || arr[0];
}
TypeScript

const buildExploratoryShapeData = (
    claims: EnrichedClaim[],
    graph: GraphAnalysis,
    ghosts: string[],
    signalStrength: number
): ExploratoryShapeData => {

    // Strongest signals
    const sortedBySupport = [...claims].sort((a, b) => 
        b.supporters.length - a.supporters.length);
    const sortedByDegree = [...claims].sort((a, b) => 
        (b.inDegree + b.outDegree) - (a.inDegree + a.outDegree));

    const strongestSignals: ExploratoryShapeData['strongestSignals'] = [];

    if (sortedBySupport[0]) {
        strongestSignals.push({
            id: sortedBySupport[0].id,
            label: sortedBySupport[0].label,
            text: sortedBySupport[0].text,
            supportCount: sortedBySupport[0].supporters.length,
            reason: 'Highest support'
        });
    }

    if (sortedByDegree[0] && sortedByDegree[0].id !== sortedBySupport[0]?.id) {
        strongestSignals.push({
            id: sortedByDegree[0].id,
            label: sortedByDegree[0].label,
            text: sortedByDegree[0].text,
            supportCount: sortedByDegree[0].supporters.length,
            reason: 'Most connected'
        });
    }

    // Loose clusters
    const looseClusters: DimensionCluster[] = graph.components
        .filter(comp => comp.length >= 2 && comp.length <= 4)
        .map((componentIds, idx) => {
            const componentClaims = claims.filter(c => componentIds.includes(c.id));
            const avgSupport = componentClaims.reduce((sum, c) => 
                sum + c.supportRatio, 0) / componentClaims.length;

            return {
                id: `cluster_${idx}`,
                theme: `Cluster ${idx + 1}`,
                claims: componentClaims.map(c => ({
                    id: c.id,
                    label: c.label,
                    text: c.text,
                    supportCount: c.supporters.length
                })),
                cohesion: 0,
                avgSupport
            };
        });

    // Isolated claims
    const isolatedClaims = claims
        .filter(c => c.isIsolated)
        .map(c => ({ id: c.id, label: c.label, text: c.text }));

    // ═══════════════════════════════════════════════════════════════════
    // NEW: Outer boundary (most distant/isolated claim)
    // ═══════════════════════════════════════════════════════════════════
    
    // The claim that is most "distant" from the centroid
    // Measured by: lowest support AND lowest connectivity
    const outerBoundary = claims
        .filter(c => c.supporters.length > 0) // Has at least some signal
        .sort((a, b) => {
            const aScore = a.supportRatio + (a.inDegree + a.outDegree) / 10;
            const bScore = b.supportRatio + (b.inDegree + b.outDegree) / 10;
            return aScore - bScore; // Lowest first
        })[0] || null;

    // ═══════════════════════════════════════════════════════════════════
    // NEW: Why the structure is sparse
    // ═══════════════════════════════════════════════════════════════════
    
    const sparsityReasons: string[] = [];
    
    if (graph.componentCount > claims.length * 0.5) {
        sparsityReasons.push('Claims form many disconnected islands');
    }
    
    const avgSupport = claims.reduce((sum, c) => sum + c.supportRatio, 0) / claims.length;
    if (avgSupport < 0.3) {
        sparsityReasons.push('Low support concentration (models diverge)');
    }
    
    if (ghosts.length > claims.length * 0.3) {
        sparsityReasons.push('Many gaps identified (unexplored territory)');
    }
    
    if (claims.every(c => c.inDegree + c.outDegree < 2)) {
        sparsityReasons.push('No claims strongly connected (flat structure)');
    }

    // Clarifying questions
    const clarifyingQuestions: string[] = [];

    if (ghosts.length > 0) {
        clarifyingQuestions.push(`What about: ${ghosts[0]}?`);
    }

    if (isolatedClaims.length > 0) {
        clarifyingQuestions.push(
            `How does "${isolatedClaims[0].label}" relate to your situation?`
        );
    }

    if (claims.some(c => c.type === 'conditional')) {
        clarifyingQuestions.push('What is your specific context or constraints?');
    }

    if (clarifyingQuestions.length === 0) {
        clarifyingQuestions.push('What outcome are you optimizing for?');
    }

    return {
        pattern: 'exploratory',
        strongestSignals,
        looseClusters,
        isolatedClaims,
        clarifyingQuestions,
        signalStrength,
        // NEW FIELDS:
        outerBoundary: outerBoundary ? {
            id: outerBoundary.id,
            label: outerBoundary.label,
            text: outerBoundary.text,
            supportCount: outerBoundary.supporters.length,
            distanceReason: 'Lowest combined support and connectivity'
        } : null,
        sparsityReasons,
        transferQuestion: 'What specific question would help collapse this ambiguity?'
    };
};
Part 3: The New Brief Builder
Now the rewritten brief builder that uses the dialectical framework:

TypeScript

// ═══════════════════════════════════════════════════════════════════════════
// BRIEF BUILDER - Dialectical Bundling Framework
// ═══════════════════════════════════════════════════════════════════════════

function buildStructuralBrief(analysis: StructuralAnalysis): string {
    const { shape, landscape, ratios, patterns, graph, ghostAnalysis } = analysis;

    let brief = '';

    // ═══════════════════════════════════════════════════════════════════
    // SECTION 1: RAW STRUCTURAL METRICS
    // ═══════════════════════════════════════════════════════════════════
    
    brief += `## Structural Metrics\n\n`;
    brief += `• ${landscape.claimCount} claims extracted from ${landscape.modelCount} sources\n`;
    brief += `• ${analysis.edges.length} relationships mapped\n`;
    brief += `• Support concentration: ${pct(ratios.concentration)}\n`;
    brief += `• Tension level: ${pct(ratios.tension)}\n`;
    brief += `• Structure density: ${pct(1 - ratios.fragmentation)}\n`;
    brief += `• Signal strength: ${pct(shape.signalStrength || 0.5)}\n\n`;

    // ═══════════════════════════════════════════════════════════════════
    // SECTION 2: TOPOLOGY CLASSIFICATION
    // ═══════════════════════════════════════════════════════════════════
    
    brief += `## Topology: ${getTopologyName(shape.primaryPattern)}\n\n`;
    brief += `${getTopologyDescription(shape.primaryPattern)}\n\n`;

    // ═══════════════════════════════════════════════════════════════════
    // SECTION 3: THE FLOW (Where structural weight pulls)
    // ═══════════════════════════════════════════════════════════════════
    
    brief += `## The Flow\n\n`;
    brief += buildFlowSection(analysis);
    brief += `\n`;

    // ═══════════════════════════════════════════════════════════════════
    // SECTION 4: THE FRICTION (What resists the flow)
    // ═══════════════════════════════════════════════════════════════════
    
    brief += `## The Friction\n\n`;
    brief += buildFrictionSection(analysis);
    brief += `\n`;

    // ═══════════════════════════════════════════════════════════════════
    // SECTION 5: STRUCTURAL FRAGILITIES
    // ═══════════════════════════════════════════════════════════════════
    
    const fragilities = collectFragilities(analysis);
    if (fragilities.length > 0) {
        brief += `## Fragilities\n\n`;
        fragilities.forEach(f => {
            brief += `• ${f}\n`;
        });
        brief += `\n`;
    }

    // ═══════════════════════════════════════════════════════════════════
    // SECTION 6: GAPS (What wasn't addressed)
    // ═══════════════════════════════════════════════════════════════════
    
    if (ghostAnalysis.count > 0) {
        brief += `## Gaps\n\n`;
        brief += `${ghostAnalysis.count} area(s) not addressed by any source.\n\n`;
    }

    // ═══════════════════════════════════════════════════════════════════
    // SECTION 7: THE TRANSFER (What moves to the user)
    // ═══════════════════════════════════════════════════════════════════
    
    brief += `## The Transfer\n\n`;
    brief += buildTransferSection(analysis);

    return brief;
}

// ═══════════════════════════════════════════════════════════════════════════
// TOPOLOGY NAMING & DESCRIPTION
// ═══════════════════════════════════════════════════════════════════════════

function getTopologyName(pattern: string): string {
    const names: Record<string, string> = {
        settled: 'CONVERGENT',
        contested: 'TENSE',
        keystone: 'HUB-CENTRIC',
        linear: 'SEQUENTIAL',
        tradeoff: 'EITHER-OR',
        dimensional: 'MULTI-FACETED',
        exploratory: 'UNMAPPED',
        contextual: 'CONDITIONAL'
    };
    return names[pattern] || pattern.toUpperCase();
}

function getTopologyDescription(pattern: string): string {
    const descriptions: Record<string, string> = {
        settled: 
            `Multiple reasoning paths converge on a central cluster. ` +
            `This could indicate genuine consensus OR shared blind spot OR narrow question scope.`,
        
        contested: 
            `The structure contains explicit opposition between supported positions. ` +
            `This represents a detected fork, not uncertainty—choosing one path forecloses another.`,
        
        keystone: 
            `The structure radiates from a central hub. Many claims connect to one foundation. ` +
            `This is topological centrality—structural importance, not proven truth.`,
        
        linear: 
            `The structure forms sequential chains of prerequisites. ` +
            `The mapper detected ordered dependencies, but the actual rigidity is unverified.`,
        
        tradeoff: 
            `The structure contains explicit either-or relationships. ` +
            `This represents detected optimization boundaries—the problem may not allow maximizing both.`,
        
        dimensional: 
            `The structure fragments into independent clusters. ` +
            `Different "lenses" on the problem that operate with limited cross-connection.`,
        
        exploratory: 
            `The structure is sparse or fragmented. Low coherence. ` +
            `Either the domain is underexplored, the question was ambiguous, or structure exists but wasn't detected.`,
        
        contextual: 
            `The structure is conditional—different paths activate based on specific inputs. ` +
            `There is no universal answer; it depends on context the system doesn't have.`
    };
    return descriptions[pattern] || 'Pattern detected but not characterized.';
}

// ═══════════════════════════════════════════════════════════════════════════
// FLOW SECTION BUILDERS
// ═══════════════════════════════════════════════════════════════════════════

function buildFlowSection(analysis: StructuralAnalysis): string {
    const { shape, landscape } = analysis;
    const data = shape.data;

    if (!data) return 'Structure data not available.\n';

    switch (shape.primaryPattern) {
        case 'settled':
            return buildSettledFlow(data as SettledShapeData, landscape.modelCount);
        case 'contested':
            return buildContestedFlow(data as ContestedShapeData, landscape.modelCount);
        case 'keystone':
            return buildKeystoneFlow(data as KeystoneShapeData, landscape.modelCount);
        case 'linear':
            return buildLinearFlow(data as LinearShapeData, landscape.modelCount);
        case 'tradeoff':
            return buildTradeoffFlow(data as TradeoffShapeData, landscape.modelCount);
        case 'dimensional':
            return buildDimensionalFlow(data as DimensionalShapeData, landscape.modelCount);
        case 'exploratory':
            return buildExploratoryFlow(data as ExploratoryShapeData, landscape.modelCount);
        case 'contextual':
            return buildContextualFlow(data as ContextualShapeData, landscape.modelCount);
        default:
            return 'Flow not characterized for this pattern.\n';
    }
}

function buildSettledFlow(data: SettledShapeData, modelCount: number): string {
    let flow = `**Narrative Gravity:** Reasoning paths converge on ${data.floor.length} central claim(s).\n\n`;
    
    flow += `**The Centroid (${data.floorStrength} floor):**\n\n`;
    
    data.floor.forEach(c => {
        const contested = c.isContested ? ' ⚠️' : '';
        flow += `• **${c.label}** [${c.supportCount}/${modelCount}]${contested}\n`;
        flow += `  ${c.text}\n\n`;
    });

    if (data.floorAssumptions && data.floorAssumptions.length > 0) {
        flow += `**What the centroid assumes:**\n`;
        data.floorAssumptions.forEach(a => {
            flow += `• ${a}\n`;
        });
        flow += `\n`;
    }

    return flow;
}

function buildContestedFlow(data: ContestedShapeData, modelCount: number): string {
    let flow = `**The Fault Line:** ${data.centralConflict.axis}\n\n`;

    if (data.centralConflict.type === 'individual') {
        const cc = data.centralConflict;
        
        flow += `**Position A: ${cc.positionA.claim.label}** [${cc.positionA.claim.supportCount}/${modelCount}]\n`;
        flow += `${cc.positionA.claim.text}\n\n`;
        
        flow += `**Position B: ${cc.positionB.claim.label}** [${cc.positionB.claim.supportCount}/${modelCount}]\n`;
        flow += `${cc.positionB.claim.text}\n\n`;
        
        flow += `**Dynamics:** ${cc.dynamics === 'symmetric' ? 'Evenly matched' : 'Asymmetric support'}\n\n`;
        
    } else {
        const cc = data.centralConflict;
        
        flow += `**Target Under Siege: ${cc.target.claim.label}** [${cc.target.claim.supportCount}/${modelCount}]\n`;
        flow += `${cc.target.claim.text}\n\n`;
        
        flow += `**Challengers (${cc.challengers.claims.length}):**\n`;
        cc.challengers.claims.forEach(c => {
            flow += `• **${c.label}** [${c.supportCount}/${modelCount}]: ${c.text}\n`;
        });
        flow += `\n`;
    }

    flow += `**Stakes:**\n`;
    if (data.centralConflict.type === 'individual') {
        flow += `• Choosing A: ${data.centralConflict.stakes.choosingA}\n`;
        flow += `• Choosing B: ${data.centralConflict.stakes.choosingB}\n`;
    } else {
        flow += `• Accepting target: ${data.centralConflict.stakes.acceptingTarget}\n`;
        flow += `• Accepting challengers: ${data.centralConflict.stakes.acceptingChallengers}\n`;
    }
    flow += `\n`;

    return flow;
}

function buildKeystoneFlow(data: KeystoneShapeData, modelCount: number): string {
    const fragileMarker = data.keystone.isFragile ? ' ⚠️ FRAGILE' : '';
    
    let flow = `**The Hub: ${data.keystone.label}** [${data.keystone.supportCount}/${modelCount}]${fragileMarker}\n`;
    flow += `${data.keystone.text}\n\n`;
    
    flow += `**Structural Position:**\n`;
    flow += `• Dominance: ${data.keystone.dominance.toFixed(1)}x more connected than next claim\n`;
    flow += `• Cascade size: ${data.cascadeSize} claims depend on this\n\n`;
    
    if (data.dependencies.length > 0) {
        flow += `**What flows from the hub:**\n`;
        data.dependencies.slice(0, 5).forEach(d => {
            flow += `• ${d.label} (${d.relationship})\n`;
        });
        if (data.dependencies.length > 5) {
            flow += `• ...and ${data.dependencies.length - 5} more\n`;
        }
        flow += `\n`;
    }

    return flow;
}

function buildLinearFlow(data: LinearShapeData, modelCount: number): string {
    let flow = `**The Sequence:** ${data.chainLength} steps\n\n`;
    
    data.chain.forEach((step, idx) => {
        const weakMarker = step.isWeakLink ? ' ⚠️ WEAK LINK' : '';
        const arrow = idx < data.chain.length - 1 ? ' →' : ' (terminal)';
        
        flow += `**Step ${idx + 1}: ${step.label}** [${step.supportCount}/${modelCount}]${weakMarker}${arrow}\n`;
        flow += `${step.text}\n`;
        
        if (step.isWeakLink && step.weakReason) {
            flow += `*${step.weakReason}*\n`;
        }
        flow += `\n`;
    });

    return flow;
}

function buildTradeoffFlow(data: TradeoffShapeData, modelCount: number): string {
    let flow = `**Optimization Boundaries:** ${data.tradeoffs.length} detected\n\n`;
    
    data.tradeoffs.forEach((t, idx) => {
        flow += `### Tradeoff ${idx + 1}\n\n`;
        
        flow += `**Option A: ${t.optionA.label}** [${t.optionA.supportCount}/${modelCount}]\n`;
        flow += `${t.optionA.text}\n\n`;
        
        flow += `**Option B: ${t.optionB.label}** [${t.optionB.supportCount}/${modelCount}]\n`;
        flow += `${t.optionB.text}\n\n`;
        
        flow += `**Balance:** ${t.symmetry.replace('_', ' ')}\n`;
        if (t.governingFactor) {
            flow += `**Governing factor:** ${t.governingFactor}\n`;
        }
        flow += `\n`;
    });

    if (data.dominatedOptions.length > 0) {
        flow += `**Dominated options (can be eliminated):**\n`;
        data.dominatedOptions.forEach(d => {
            flow += `• ${d.dominated} — dominated by ${d.dominatedBy}\n`;
        });
        flow += `\n`;
    }

    return flow;
}

function buildDimensionalFlow(data: DimensionalShapeData, modelCount: number): string {
    let flow = `**Independent Dimensions:** ${data.dimensions.length}\n\n`;
    
    // Dominant dimension
    if (data.dominantDimension) {
        flow += `### Primary Lens: ${data.dominantDimension.theme}\n`;
        flow += `${data.dominantDimension.claims.length} claims, avg support: ${pct(data.dominantDimension.avgSupport)}\n\n`;
        
        data.dominantDimension.claims.slice(0, 3).forEach(c => {
            flow += `• **${c.label}** [${c.supportCount}/${modelCount}]\n`;
        });
        if (data.dominantDimension.claims.length > 3) {
            flow += `• ...and ${data.dominantDimension.claims.length - 3} more\n`;
        }
        flow += `\n`;
    }

    // Other dimensions summary
    if (data.dimensions.length > 1) {
        flow += `**Other dimensions:**\n`;
        data.dimensions.slice(1).forEach(d => {
            flow += `• ${d.theme}: ${d.claims.length} claims\n`;
        });
        flow += `\n`;
    }

    // Interactions
    const conflicts = data.interactions.filter(i => i.relationship === 'conflicting');
    if (conflicts.length > 0) {
        flow += `**Dimension conflicts:** ${conflicts.length}\n`;
    }

    return flow;
}

function buildExploratoryFlow(data: ExploratoryShapeData, modelCount: number): string {
    let flow = `**Signal Strength:** ${pct(data.signalStrength)} (sparse)\n\n`;
    
    if (data.strongestSignals.length > 0) {
        flow += `**Strongest signals:**\n\n`;
        data.strongestSignals.forEach(s => {
            flow += `• **${s.label}** [${s.supportCount}/${modelCount}] — ${s.reason}\n`;
            flow += `  ${s.text}\n\n`;
        });
    }

    if (data.looseClusters.length > 0) {
        flow += `**Loose clusters:**\n`;
        data.looseClusters.forEach(c => {
            const labels = c.claims.map(cl => cl.label).join(', ');
            flow += `• ${c.theme}: ${labels}\n`;
        });
        flow += `\n`;
    }

    if (data.sparsityReasons && data.sparsityReasons.length > 0) {
        flow += `**Why the structure is sparse:**\n`;
        data.sparsityReasons.forEach(r => {
            flow += `• ${r}\n`;
        });
        flow += `\n`;
    }

    return flow;
}

function buildContextualFlow(data: ContextualShapeData, modelCount: number): string {
    let flow = `**Governing Condition:** ${data.governingCondition}\n\n`;
    
    flow += `**Branches:**\n\n`;
    
    data.branches.forEach(branch => {
        flow += `### ${branch.condition}\n`;
        branch.claims.forEach(c => {
            flow += `• **${c.label}** [${c.supportCount}/${modelCount}]\n`;
        });
        flow += `\n`;
    });

    if (data.defaultPath?.exists) {
        flow += `**Default path (highest support):**\n`;
        data.defaultPath.claims.forEach(c => {
            flow += `• ${c.label}\n`;
        });
        flow += `\n`;
    }

    return flow;
}

// ═══════════════════════════════════════════════════════════════════════════
// FRICTION SECTION BUILDERS
// ═══════════════════════════════════════════════════════════════════════════

function buildFrictionSection(analysis: StructuralAnalysis): string {
    const { shape, landscape } = analysis;
    const data = shape.data;

    if (!data) return 'Friction data not available.\n';

    switch (shape.primaryPattern) {
        case 'settled':
            return buildSettledFriction(data as SettledShapeData, landscape.modelCount);
        case 'contested':
            return buildContestedFriction(data as ContestedShapeData);
        case 'keystone':
            return buildKeystoneFriction(data as KeystoneShapeData, landscape.modelCount);
        case 'linear':
            return buildLinearFriction(data as LinearShapeData);
        case 'tradeoff':
            return buildTradeoffFriction(data as TradeoffShapeData);
        case 'dimensional':
            return buildDimensionalFriction(data as DimensionalShapeData, landscape.modelCount);
        case 'exploratory':
            return buildExploratoryFriction(data as ExploratoryShapeData, landscape.modelCount);
        case 'contextual':
            return buildContextualFriction(data as ContextualShapeData);
        default:
            return 'Friction not characterized for this pattern.\n';
    }
}

function buildSettledFriction(data: SettledShapeData, modelCount: number): string {
    let friction = '';
    
    if (data.strongestOutlier) {
        const o = data.strongestOutlier;
        friction += `**The Minority Report:**\n\n`;
        friction += `**${o.claim.label}** [${o.claim.supportCount}/${modelCount}]\n`;
        friction += `${o.claim.text}\n\n`;
        friction += `• Structural role: ${o.structuralRole}\n`;
        friction += `• What it questions: ${o.whatItQuestions}\n\n`;
        
        friction += `*For the consensus to be correct, this minority view must be wrong. Is it?*\n\n`;
    } else if (data.challengers.length > 0) {
        friction += `**Explicit Challengers:**\n\n`;
        data.challengers.forEach(c => {
            friction += `• **${c.label}** [${c.supportCount}/${modelCount}]\n`;
            friction += `  ${c.text}\n`;
            if (c.challenges) {
                friction += `  *Challenges: ${c.challenges}*\n`;
            }
            friction += `\n`;
        });
    } else {
        friction += `**No significant friction detected.**\n\n`;
        friction += `This is either genuine consensus OR a blind spot where all sources share the same gap.\n\n`;
    }

    if (data.blindSpots.length > 0) {
        friction += `**Unexplored areas (potential friction sources):**\n`;
        data.blindSpots.slice(0, 3).forEach(b => {
            friction += `• ${b}\n`;
        });
        friction += `\n`;
    }

    return friction;
}

function buildContestedFriction(data: ContestedShapeData): string {
    let friction = `**The friction IS the structure.** Both positions are the friction against each other.\n\n`;
    
    if (data.floor.exists && data.floor.claims.length > 0) {
        friction += `**Outside the conflict (potential common ground):**\n`;
        data.floor.claims.forEach(c => {
            friction += `• **${c.label}** [${c.supportCount}]\n`;
        });
        friction += `\n`;
    }

    if (data.secondaryConflicts.length > 0) {
        friction += `**Secondary conflicts:**\n`;
        data.secondaryConflicts.slice(0, 3).forEach(c => {
            friction += `• ${c.claimA.label} vs ${c.claimB.label}\n`;
        });
        friction += `\n`;
    }

    return friction;
}

function buildKeystoneFriction(data: KeystoneShapeData, modelCount: number): string {
    let friction = '';
    
    // Hub challengers
    if (data.challengers.length > 0) {
        friction += `**Challengers to the hub:**\n\n`;
        data.challengers.forEach(c => {
            friction += `• **${c.label}** [${c.supportCount}/${modelCount}]\n`;
            friction += `  ${c.text}\n\n`;
        });
    }
    
    // Decoupled claims
    if (data.decoupledClaims && data.decoupledClaims.length > 0) {
        friction += `**Decoupled claims (survive if hub fails):**\n\n`;
        data.decoupledClaims.forEach(c => {
            friction += `• **${c.label}** [${c.supportCount}/${modelCount}]\n`;
            friction += `  Not connected to hub — ${c.independenceReason}\n\n`;
        });
    } else {
        friction += `**No decoupled claims found.** If the hub fails, the entire structure is compromised.\n\n`;
    }
    
    // What happens if hub fails
    if (data.cascadeConsequences) {
        friction += `**If the hub is wrong:**\n`;
        friction += `• Directly affected: ${data.cascadeConsequences.directlyAffected} claims\n`;
        friction += `• Transitively affected: ${data.cascadeConsequences.transitivelyAffected} claims\n`;
        friction += `• Survives regardless: ${data.cascadeConsequences.survives} claims\n\n`;
    }

    return friction;
}

function buildLinearFriction(data: LinearShapeData): string {
    let friction = '';
    
    // Weak links
    if (data.weakLinks.length > 0) {
        friction += `**Weak links in the chain:**\n\n`;
        data.weakLinks.forEach(wl => {
            friction += `• **Step ${wl.step.position + 1}: ${wl.step.label}**\n`;
            friction += `  Only ${wl.step.supportCount} supporter(s)\n`;
            friction += `  If this breaks: ${wl.cascadeSize} downstream step(s) fail\n\n`;
        });
    } else {
        friction += `**No weak links detected.** All steps have reasonable support.\n\n`;
    }
    
    // Shortcuts
    if (data.shortcuts && data.shortcuts.length > 0) {
        friction += `**Potential shortcuts (steps might be bypassable):**\n\n`;
        data.shortcuts.forEach(s => {
            const skipsText = s.skips.length > 0 
                ? `Skips: ${s.skips.length} step(s)` 
                : '';
            friction += `• ${s.from.label} → ${s.to.label} ${skipsText}\n`;
            friction += `  ${s.supportEvidence}\n\n`;
        });
    }
    
    // Chain fragility
    if (data.chainFragility) {
        friction += `**Chain fragility:** ${pct(data.chainFragility.fragilityRatio)} of steps are weak links\n\n`;
    }

    return friction;
}

function buildTradeoffFriction(data: TradeoffShapeData): string {
    let friction = `**There is no resolution to a true tradeoff.** `;
    friction += `Choosing means accepting the cost of what you didn't choose.\n\n`;
    
    // What each option costs
    data.tradeoffs.forEach((t, idx) => {
        friction += `**Tradeoff ${idx + 1}:**\n`;
        friction += `• Choosing ${t.optionA.label} costs you: what ${t.optionB.label} provides\n`;
        friction += `• Choosing ${t.optionB.label} costs you: what ${t.optionA.label} provides\n\n`;
    });
    
    // Floor (what's outside the tradeoff)
    if (data.floor.length > 0) {
        friction += `**Unaffected by tradeoff:**\n`;
        data.floor.forEach(c => {
            friction += `• ${c.label}\n`;
        });
        friction += `\n`;
    }

    return friction;
}

function buildDimensionalFriction(data: DimensionalShapeData, modelCount: number): string {
    let friction = '';
    
    // Hidden dimension
    if (data.hiddenDimension) {
        friction += `**The Hidden Dimension: ${data.hiddenDimension.theme}**\n\n`;
        friction += `This perspective has ${data.hiddenDimension.claims.length} claim(s) but may be overlooked.\n\n`;
        
        data.hiddenDimension.claims.forEach(c => {
            friction += `• **${c.label}** [${c.supportCount}/${modelCount}]\n`;
        });
        friction += `\n`;
    }
    
    // What dominant dimension is blind to
    if (data.dominantBlindSpots && data.dominantBlindSpots.length > 0) {
        friction += `**What the primary lens may miss:**\n`;
        data.dominantBlindSpots.forEach(b => {
            friction += `• ${b}\n`;
        });
        friction += `\n`;
    }
    
    // Conflicting dimensions
    const conflicts = data.interactions.filter(i => i.relationship === 'conflicting');
    if (conflicts.length > 0) {
        friction += `**Dimension conflicts:**\n`;
        conflicts.forEach(c => {
            const dimA = data.dimensions.find(d => d.id === c.dimensionA);
            const dimB = data.dimensions.find(d => d.id === c.dimensionB);
            friction += `• ${dimA?.theme} conflicts with ${dimB?.theme}\n`;
        });
        friction += `\n`;
    }

    return friction;
}

function buildExploratoryFriction(data: ExploratoryShapeData, modelCount: number): string {
    let friction = '';
    
    // Outer boundary
    if (data.outerBoundary) {
        friction += `**The Outer Boundary:**\n\n`;
        friction += `**${data.outerBoundary.label}** [${data.outerBoundary.supportCount}/${modelCount}]\n`;
        friction += `${data.outerBoundary.text}\n`;
        friction += `*${data.outerBoundary.distanceReason}*\n\n`;
        friction += `This marks how far the unmapped territory extends.\n\n`;
    }
    
    // Isolated claims
    if (data.isolatedClaims.length > 0) {
        friction += `**Isolated claims (no connections):**\n`;
        data.isolatedClaims.forEach(c => {
            friction += `• ${c.label}\n`;
        });
        friction += `\n`;
    }
    
    // What we don't know
    friction += `**The structure is sparse—this could mean:**\n`;
    friction += `• The question was ambiguous\n`;
    friction += `• The domain is genuinely underexplored\n`;
    friction += `• Structure exists but wasn't detected\n`;
    friction += `• Models interpreted the question differently\n\n`;

    return friction;
}

function buildContextualFriction(data: ContextualShapeData): string {
    let friction = `**The friction is: which branch applies?**\n\n`;
    
    // The exception
    if (data.branches.length > 1) {
        const nonDefault = data.branches.filter(b => 
            !data.defaultPath?.claims.some(c => b.claims.some(bc => bc.id === c.id))
        );
        
        if (nonDefault.length > 0) {
            friction += `**The exceptions:**\n`;
            nonDefault.forEach(b => {
                friction += `• ${b.condition}\n`;
            });
            friction += `\n`;
        }
    }
    
    // Missing context
    if (data.missingContext.length > 0) {
        friction += `**To resolve which branch applies, need to know:**\n`;
        data.missingContext.forEach(m => {
            friction += `• ${m}\n`;
        });
        friction += `\n`;
    }

    return friction;
}

// ═══════════════════════════════════════════════════════════════════════════
// FRAGILITIES COLLECTOR
// ═══════════════════════════════════════════════════════════════════════════

function collectFragilities(analysis: StructuralAnalysis): string[] {
    const { patterns, graph, shape } = analysis;
    const fragilities: string[] = [];
    
    // Leverage inversions
    if (patterns.leverageInversions.length > 0) {
        fragilities.push(
            `${patterns.leverageInversions.length} claim(s) have low support but high structural importance`
        );
    }
    
    // Articulation points
    if (graph.articulationPoints.length > 0) {
        fragilities.push(
            `${graph.articulationPoints.length} bridge node(s) whose removal would disconnect the graph`
        );
    }
    
    // Low signal strength
    if (shape.signalStrength && shape.signalStrength < 0.4) {
        fragilities.push(
            `Low signal strength (${pct(shape.signalStrength)}) — structure may not be reliable`
        );
    }
    
    // Shape-specific fragilities
    if (shape.fragilityPenalty) {
        const fp = shape.fragilityPenalty;
        if (fp.lowSupportArticulations > 0) {
            fragilities.push(`${fp.lowSupportArticulations} fragile bridge(s) with low support`);
        }
        if (fp.conditionalConflicts > 0) {
            fragilities.push(`${fp.conditionalConflicts} hidden conflict(s) that may activate under conditions`);
        }
        if (fp.disconnectedConsensus) {
            fragilities.push(`High-support claims are not well connected to each other`);
        }
    }
    
    return fragilities;
}

// ═══════════════════════════════════════════════════════════════════════════
// TRANSFER SECTION BUILDER
// ═══════════════════════════════════════════════════════════════════════════

function buildTransferSection(analysis: StructuralAnalysis): string {
    const { shape } = analysis;
    const data = shape.data;
    
    let transfer = '';
    
    // Shape-specific transfer question
    const transferQuestion = getTransferQuestion(shape.primaryPattern, data);
    transfer += `**The question this hands to you:**\n\n`;
    transfer += `${transferQuestion}\n\n`;
    
    // What would help
    const whatWouldHelp = getWhatWouldHelp(shape.primaryPattern, data, analysis);
    if (whatWouldHelp.length > 0) {
        transfer += `**What would help:**\n`;
        whatWouldHelp.forEach(w => {
            transfer += `• ${w}\n`;
        });
        transfer += `\n`;
    }
    
    return transfer;
}

function getTransferQuestion(pattern: string, data: any): string {
    // Use shape-specific transfer question if available
    if (data?.transferQuestion) {
        return data.transferQuestion;
    }
    
    // Fallback per pattern
    const defaults: Record<string, string> = {
        settled: 
            'For the consensus to hold, what assumption must be true? Is it true in your situation?',
        contested: 
            'Which constraint matters more to you? The choice determines the path.',
        keystone: 
            'Is the foundation valid? Everything else depends on your answer.',
        linear: 
            'Where are you in this sequence? Have you validated the early steps?',
        tradeoff: 
            'What are you optimizing for? The system cannot maximize both.',
        dimensional: 
            'Which dimension is most relevant to your situation?',
        exploratory: 
            'What specific question would collapse this ambiguity?',
        contextual: 
            'Which situation applies to you? The answer is conditional on your context.'
    };
    
    return defaults[pattern] || 'What would help you navigate this?';
}

function getWhatWouldHelp(pattern: string, data: any, analysis: StructuralAnalysis): string[] {
    const helps: string[] = [];
    
    // From ghosts
    if (analysis.ghostAnalysis.count > 0) {
        helps.push(`Exploration of ${analysis.ghostAnalysis.count} unaddressed area(s)`);
    }
    
    // Pattern-specific
    switch (pattern) {
        case 'settled':
            if (data?.strongestOutlier) {
                helps.push(`Your assessment of whether "${data.strongestOutlier.claim.label}" has merit`);
            }
            break;
            
        case 'contested':
            if (data?.collapsingQuestion) {
                helps.push(`Your answer to: ${data.collapsingQuestion}`);
            }
            break;
            
        case 'keystone':
            if (data?.keystone?.isFragile) {
                helps.push(`Validation of the fragile keystone: "${data.keystone.label}"`);
            }
            break;
            
        case 'linear':
            if (data?.chainFragility?.mostVulnerableStep) {
                helps.push(`Validation of weak link: "${data.chainFragility.mostVulnerableStep.step.label}"`);
            }
            break;
            
        case 'exploratory':
            if (data?.clarifyingQuestions) {
                data.clarifyingQuestions.forEach((q: string) => helps.push(q));
            }
            break;
            
        case 'contextual':
            if (data?.missingContext) {
                data.missingContext.forEach((m: string) => helps.push(`Your context: ${m}`));
            }
            break;
    }
    
    return helps;
}

// ═══════════════════════════════════════════════════════════════════════════
// HELPERS
// ═══════════════════════════════════════════════════════════════════════════

function pct(n: number): string {
    return `${Math.round(n * 100)}%`;
}
Part 4: Updated Type Definitions
Add these to your contract types:

TypeScript

// Enhanced SettledShapeData
interface SettledShapeData {
    pattern: 'settled';
    floor: FloorClaim[];
    floorStrength: 'strong' | 'moderate' | 'weak';
    challengers: ChallengerInfo[];
    blindSpots: string[];
    confidence: number;
    // NEW:
    strongestOutlier: {
        claim: {
            id: string;
            label: string;
            text: string;
            supportCount: number;
            supportRatio: number;
        };
        reason: 'leverage_inversion' | 'explicit_challenger' | 'minority_voice';
        structuralRole: string;
        whatItQuestions: string;
    } | null;
    floorAssumptions: string[];
    transferQuestion: string;
}

// Enhanced KeystoneShapeData
interface KeystoneShapeData {
    pattern: 'keystone';
    keystone: {
        id: string;
        label: string;
        text: string;
        supportCount: number;
        supportRatio: number;
        dominance: number;
        isFragile: boolean;
    };
    dependencies: Array<{ id: string; label: string; relationship: 'prerequisite' | 'supports' }>;
    cascadeSize: number;
    challengers: ChallengerInfo[];
    // NEW:
    decoupledClaims: Array<{
        id: string;
        label: string;
        text: string;
        supportCount: number;
        independenceReason: string;
    }>;
    cascadeConsequences: {
        directlyAffected: number;
        transitivelyAffected: number;
        survives: number;
    };
    transferQuestion: string;
}

// Enhanced LinearShapeData
interface LinearShapeData {
    pattern: 'linear';
    chain: ChainStep[];
    chainLength: number;
    weakLinks: Array<{ step: ChainStep; cascadeSize: number }>;
    alternativeChains: ChainStep[][];
    terminalClaim: ChainStep | null;
    // NEW:
    shortcuts: Array<{
        from: ChainStep;
        to: ChainStep;
        skips: string[];
        supportEvidence: string;
    }>;
    chainFragility: {
        weakLinkCount: number;
        totalSteps: number;
        fragilityRatio: number;
        mostVulnerableStep: { step: ChainStep; cascadeSize: number } | null;
    };
    transferQuestion: string;
}

// Enhanced DimensionalShapeData
interface DimensionalShapeData {
    pattern: 'dimensional';
    dimensions: DimensionCluster[];
    interactions: Array<{
        dimensionA: string;
        dimensionB: string;
        relationship: 'independent' | 'overlapping' | 'conflicting';
    }>;
    gaps: string[];
    governingConditions: string[];
    // NEW:
    dominantDimension: DimensionCluster | null;
    hiddenDimension: DimensionCluster | null;
    dominantBlindSpots: string[];
    transferQuestion: string;
}

// Enhanced ExploratoryShapeData
interface ExploratoryShapeData {
    pattern: 'exploratory';
    strongestSignals: Array<{
        id: string;
        label: string;
        text: string;
        supportCount: number;
        reason: string;
    }>;
    looseClusters: DimensionCluster[];
    isolatedClaims: Array<{ id: string; label: string; text: string }>;
    clarifyingQuestions: string[];
    signalStrength: number;
    // NEW:
    outerBoundary: {
        id: string;
        label: string;
        text: string;
        supportCount: number;
        distanceReason: string;
    } | null;
    sparsityReasons: string[];
    transferQuestion: string;
}
Summary
The rewritten system now:

Computes FRICTION for each shape - Not just the flow, but the structural opposite
Uses honest structural vocabulary - "Convergent" not "Settled", "Hub-centric" not "Keystone"
Bundles dialectically - Every brief shows both sides
Transfers to user - Ends with the question the user must answer
Collects fragilities - Explicit about what could break
Preserves all signal - Nothing hidden, everything surfaced with appropriate framing